#1st try

elaines-MacBook-Air:src elaine$ python3 -m pdb charges_calc.py -i source.json -o output.json
> /Users/elaine/PycharmProjects/Giraffe/Python_220/py220-online-201904-V2/students/elaine_x/lesson02/assignment/src/charges_calc.py(3)<module>()
-> '''
(Pdb) n
> /Users/elaine/PycharmProjects/Giraffe/Python_220/py220-online-201904-V2/students/elaine_x/lesson02/assignment/src/charges_calc.py(4)<module>()
-> import argparse
(Pdb) n
> /Users/elaine/PycharmProjects/Giraffe/Python_220/py220-online-201904-V2/students/elaine_x/lesson02/assignment/src/charges_calc.py(5)<module>()
-> import json
(Pdb) n
> /Users/elaine/PycharmProjects/Giraffe/Python_220/py220-online-201904-V2/students/elaine_x/lesson02/assignment/src/charges_calc.py(6)<module>()
-> import datetime
(Pdb) n
> /Users/elaine/PycharmProjects/Giraffe/Python_220/py220-online-201904-V2/students/elaine_x/lesson02/assignment/src/charges_calc.py(7)<module>()
-> import math
(Pdb) n
> /Users/elaine/PycharmProjects/Giraffe/Python_220/py220-online-201904-V2/students/elaine_x/lesson02/assignment/src/charges_calc.py(8)<module>()
-> import logging
(Pdb) n
> /Users/elaine/PycharmProjects/Giraffe/Python_220/py220-online-201904-V2/students/elaine_x/lesson02/assignment/src/charges_calc.py(10)<module>()
-> def parse_cmd_arguments():
(Pdb) n
> /Users/elaine/PycharmProjects/Giraffe/Python_220/py220-online-201904-V2/students/elaine_x/lesson02/assignment/src/charges_calc.py(17)<module>()
-> def load_rentals_file(filename):
(Pdb) n
> /Users/elaine/PycharmProjects/Giraffe/Python_220/py220-online-201904-V2/students/elaine_x/lesson02/assignment/src/charges_calc.py(25)<module>()
-> def calculate_additional_fields(data):
(Pdb) n
> /Users/elaine/PycharmProjects/Giraffe/Python_220/py220-online-201904-V2/students/elaine_x/lesson02/assignment/src/charges_calc.py(39)<module>()
-> def save_to_json(filename, data):
(Pdb) n
> /Users/elaine/PycharmProjects/Giraffe/Python_220/py220-online-201904-V2/students/elaine_x/lesson02/assignment/src/charges_calc.py(43)<module>()
-> if __name__ == "__main__":
(Pdb) n
> /Users/elaine/PycharmProjects/Giraffe/Python_220/py220-online-201904-V2/students/elaine_x/lesson02/assignment/src/charges_calc.py(44)<module>()
-> args = parse_cmd_arguments()
(Pdb) s
--Call--
> /Users/elaine/PycharmProjects/Giraffe/Python_220/py220-online-201904-V2/students/elaine_x/lesson02/assignment/src/charges_calc.py(10)parse_cmd_arguments()
-> def parse_cmd_arguments():
(Pdb) n
> /Users/elaine/PycharmProjects/Giraffe/Python_220/py220-online-201904-V2/students/elaine_x/lesson02/assignment/src/charges_calc.py(11)parse_cmd_arguments()
-> parser = argparse.ArgumentParser(description='Process some integers.')
(Pdb) n
> /Users/elaine/PycharmProjects/Giraffe/Python_220/py220-online-201904-V2/students/elaine_x/lesson02/assignment/src/charges_calc.py(12)parse_cmd_arguments()
-> parser.add_argument('-i', '--input', help='input JSON file', required=True)
(Pdb) n
> /Users/elaine/PycharmProjects/Giraffe/Python_220/py220-online-201904-V2/students/elaine_x/lesson02/assignment/src/charges_calc.py(13)parse_cmd_arguments()
-> parser.add_argument('-o', '--output', help='ouput JSON file', required=True)
(Pdb) parser
ArgumentParser(prog='charges_calc.py', usage=None, description='Process some integers.', formatter_class=<class 'argparse.HelpFormatter'>, conflict_handler='error', add_help=True)
(Pdb) n
> /Users/elaine/PycharmProjects/Giraffe/Python_220/py220-online-201904-V2/students/elaine_x/lesson02/assignment/src/charges_calc.py(14)parse_cmd_arguments()
-> return parser.parse_args()
(Pdb) n
--Return--
> /Users/elaine/PycharmProjects/Giraffe/Python_220/py220-online-201904-V2/students/elaine_x/lesson02/assignment/src/charges_calc.py(14)parse_cmd_arguments()->Namespace(inp...'output.json')
-> return parser.parse_args()
(Pdb) n
> /Users/elaine/PycharmProjects/Giraffe/Python_220/py220-online-201904-V2/students/elaine_x/lesson02/assignment/src/charges_calc.py(45)<module>()
-> data = load_rentals_file(args.input)
(Pdb) s
--Call--
> /Users/elaine/PycharmProjects/Giraffe/Python_220/py220-online-201904-V2/students/elaine_x/lesson02/assignment/src/charges_calc.py(17)load_rentals_file()
-> def load_rentals_file(filename):
(Pdb) n
> /Users/elaine/PycharmProjects/Giraffe/Python_220/py220-online-201904-V2/students/elaine_x/lesson02/assignment/src/charges_calc.py(18)load_rentals_file()
-> with open(filename) as file:
(Pdb) n
> /Users/elaine/PycharmProjects/Giraffe/Python_220/py220-online-201904-V2/students/elaine_x/lesson02/assignment/src/charges_calc.py(19)load_rentals_file()
-> try:
(Pdb) l
 14  	    return parser.parse_args()
 15
 16
 17  	def load_rentals_file(filename):
 18  	    with open(filename) as file:
 19  ->	        try:
 20  	            data = json.load(file)
 21  	        except:
 22  	            exit(0)
 23  	    return data
 24
(Pdb) n
> /Users/elaine/PycharmProjects/Giraffe/Python_220/py220-online-201904-V2/students/elaine_x/lesson02/assignment/src/charges_calc.py(20)load_rentals_file()
-> data = json.load(file)
(Pdb) data
*** NameError: name 'data' is not defined
(Pdb) pp data
*** NameError: name 'data' is not defined
(Pdb) n
json.decoder.JSONDecodeError: Expecting property name enclosed in double quotes: line 5884 column 23 (char 130093)
> /Users/elaine/PycharmProjects/Giraffe/Python_220/py220-online-201904-V2/students/elaine_x/lesson02/assignment/src/charges_calc.py(20)load_rentals_file()
-> data = json.load(file)
(Pdb)
#############################################################
#remove extra comma on line 5884
#############################################################

#######################################################################################################
#######################################################################################################
#2nd try

elaines-MacBook-Air:src elaine$ python3 -m pdb charges_calc.py -i source.json -o output.json
> /Users/elaine/PycharmProjects/Giraffe/Python_220/py220-online-201904-V2/students/elaine_x/lesson02/assignment/src/charges_calc.py(3)<module>()
-> '''
(Pdb) n
> /Users/elaine/PycharmProjects/Giraffe/Python_220/py220-online-201904-V2/students/elaine_x/lesson02/assignment/src/charges_calc.py(6)<module>()
-> import argparse
(Pdb) n
> /Users/elaine/PycharmProjects/Giraffe/Python_220/py220-online-201904-V2/students/elaine_x/lesson02/assignment/src/charges_calc.py(7)<module>()
-> import json
(Pdb) n
> /Users/elaine/PycharmProjects/Giraffe/Python_220/py220-online-201904-V2/students/elaine_x/lesson02/assignment/src/charges_calc.py(8)<module>()
-> import datetime
(Pdb) n
> /Users/elaine/PycharmProjects/Giraffe/Python_220/py220-online-201904-V2/students/elaine_x/lesson02/assignment/src/charges_calc.py(9)<module>()
-> import math
(Pdb) n
> /Users/elaine/PycharmProjects/Giraffe/Python_220/py220-online-201904-V2/students/elaine_x/lesson02/assignment/src/charges_calc.py(10)<module>()
-> import logging
(Pdb) n
> /Users/elaine/PycharmProjects/Giraffe/Python_220/py220-online-201904-V2/students/elaine_x/lesson02/assignment/src/charges_calc.py(12)<module>()
-> log_format = "%(asctime)s %(filename)s:%(lineno)-3d %(levelname)s %(message)s"
(Pdb) n
> /Users/elaine/PycharmProjects/Giraffe/Python_220/py220-online-201904-V2/students/elaine_x/lesson02/assignment/src/charges_calc.py(14)<module>()
-> formatter = logging.Formatter(log_format)
(Pdb) n
> /Users/elaine/PycharmProjects/Giraffe/Python_220/py220-online-201904-V2/students/elaine_x/lesson02/assignment/src/charges_calc.py(17)<module>()
-> file_handler = logging.FileHandler('charges_calc.log')
(Pdb) n
> /Users/elaine/PycharmProjects/Giraffe/Python_220/py220-online-201904-V2/students/elaine_x/lesson02/assignment/src/charges_calc.py(18)<module>()
-> file_handler.setLevel(logging.WARNING)
(Pdb) n
> /Users/elaine/PycharmProjects/Giraffe/Python_220/py220-online-201904-V2/students/elaine_x/lesson02/assignment/src/charges_calc.py(19)<module>()
-> file_handler.setFormatter(formatter)
(Pdb) n
> /Users/elaine/PycharmProjects/Giraffe/Python_220/py220-online-201904-V2/students/elaine_x/lesson02/assignment/src/charges_calc.py(22)<module>()
-> console_handler = logging.StreamHandler()
(Pdb) n
> /Users/elaine/PycharmProjects/Giraffe/Python_220/py220-online-201904-V2/students/elaine_x/lesson02/assignment/src/charges_calc.py(23)<module>()
-> console_handler.setLevel(logging.DEBUG)
(Pdb) n
> /Users/elaine/PycharmProjects/Giraffe/Python_220/py220-online-201904-V2/students/elaine_x/lesson02/assignment/src/charges_calc.py(24)<module>()
-> console_handler.setFormatter(formatter)
(Pdb) n
> /Users/elaine/PycharmProjects/Giraffe/Python_220/py220-online-201904-V2/students/elaine_x/lesson02/assignment/src/charges_calc.py(26)<module>()
-> logger = logging.getLogger()
(Pdb) n
> /Users/elaine/PycharmProjects/Giraffe/Python_220/py220-online-201904-V2/students/elaine_x/lesson02/assignment/src/charges_calc.py(27)<module>()
-> logger.setLevel(logging.DEBUG)
(Pdb) n
> /Users/elaine/PycharmProjects/Giraffe/Python_220/py220-online-201904-V2/students/elaine_x/lesson02/assignment/src/charges_calc.py(28)<module>()
-> logger.addHandler(file_handler)
(Pdb) n
> /Users/elaine/PycharmProjects/Giraffe/Python_220/py220-online-201904-V2/students/elaine_x/lesson02/assignment/src/charges_calc.py(29)<module>()
-> logger.addHandler(console_handler)
(Pdb) n
> /Users/elaine/PycharmProjects/Giraffe/Python_220/py220-online-201904-V2/students/elaine_x/lesson02/assignment/src/charges_calc.py(31)<module>()
-> def parse_cmd_arguments():
(Pdb) n
> /Users/elaine/PycharmProjects/Giraffe/Python_220/py220-online-201904-V2/students/elaine_x/lesson02/assignment/src/charges_calc.py(38)<module>()
-> def load_rentals_file(filename):
(Pdb) n
> /Users/elaine/PycharmProjects/Giraffe/Python_220/py220-online-201904-V2/students/elaine_x/lesson02/assignment/src/charges_calc.py(47)<module>()
-> def calculate_additional_fields(data):
(Pdb) n
> /Users/elaine/PycharmProjects/Giraffe/Python_220/py220-online-201904-V2/students/elaine_x/lesson02/assignment/src/charges_calc.py(61)<module>()
-> def save_to_json(filename, data):
(Pdb) n
> /Users/elaine/PycharmProjects/Giraffe/Python_220/py220-online-201904-V2/students/elaine_x/lesson02/assignment/src/charges_calc.py(65)<module>()
-> if __name__ == "__main__":
(Pdb) n
> /Users/elaine/PycharmProjects/Giraffe/Python_220/py220-online-201904-V2/students/elaine_x/lesson02/assignment/src/charges_calc.py(66)<module>()
-> args = parse_cmd_arguments()
(Pdb) n
> /Users/elaine/PycharmProjects/Giraffe/Python_220/py220-online-201904-V2/students/elaine_x/lesson02/assignment/src/charges_calc.py(67)<module>()
-> data = load_rentals_file(args.input)
(Pdb) s
--Call--
> /Users/elaine/PycharmProjects/Giraffe/Python_220/py220-online-201904-V2/students/elaine_x/lesson02/assignment/src/charges_calc.py(38)load_rentals_file()
-> def load_rentals_file(filename):
(Pdb) n
> /Users/elaine/PycharmProjects/Giraffe/Python_220/py220-online-201904-V2/students/elaine_x/lesson02/assignment/src/charges_calc.py(39)load_rentals_file()
-> with open(filename) as file:
(Pdb) n
> /Users/elaine/PycharmProjects/Giraffe/Python_220/py220-online-201904-V2/students/elaine_x/lesson02/assignment/src/charges_calc.py(40)load_rentals_file()
-> try:
(Pdb) l
 35  	    return parser.parse_args()
 36
 37
 38  	def load_rentals_file(filename):
 39  	    with open(filename) as file:
 40  ->	        try:
 41  	            data = json.load(file)
 42  	        except:
 43  	            logging.warning('json file load error')
 44  	            exit(0)
 45  	    return data
(Pdb) n
> /Users/elaine/PycharmProjects/Giraffe/Python_220/py220-online-201904-V2/students/elaine_x/lesson02/assignment/src/charges_calc.py(41)load_rentals_file()
-> data = json.load(file)
(Pdb) data
*** NameError: name 'data' is not defined
(Pdb) pp data
*** NameError: name 'data' is not defined
(Pdb) n
> /Users/elaine/PycharmProjects/Giraffe/Python_220/py220-online-201904-V2/students/elaine_x/lesson02/assignment/src/charges_calc.py(45)load_rentals_file()
-> return data
(Pdb) l
 40  	        try:
 41  	            data = json.load(file)
 42  	        except:
 43  	            logging.warning('json file load error')
 44  	            exit(0)
 45  ->	    return data
 46
 47  	def calculate_additional_fields(data):
 48  	    for value in data.values():
 49  	        try:
 50  	            rental_start = datetime.datetime.strptime(value['rental_start'], '%m/%d/%y')
(Pdb) n
--Return--
> /Users/elaine/PycharmProjects/Giraffe/Python_220/py220-online-201904-V2/students/elaine_x/lesson02/assignment/src/charges_calc.py(45)load_rentals_file()->{'RNT001': {'price_per_day': 31, 'product_code': 'PRD80', 'rental_end': '3/22/17', 'rental_start': '6/12/17', ...}, 'RNT002': {'price_per_day': 16, 'product_code': 'PRD11', 'rental_end': '9/30/18', 'rental_start': '7/20/16', ...}, 'RNT003': {'price_per_day': 40, 'product_code': 'PRD22', 'rental_end': '6/4/17', 'rental_start': '2/1/16', ...}, 'RNT004': {'price_per_day': 40, 'product_code': 'PRD86', 'rental_end': '12/7/17', 'rental_start': '8/14/16', ...}, ...}
-> return data
(Pdb) n
> /Users/elaine/PycharmProjects/Giraffe/Python_220/py220-online-201904-V2/students/elaine_x/lesson02/assignment/src/charges_calc.py(68)<module>()
-> data = calculate_additional_fields(data)
(Pdb) s
--Call--
> /Users/elaine/PycharmProjects/Giraffe/Python_220/py220-online-201904-V2/students/elaine_x/lesson02/assignment/src/charges_calc.py(47)calculate_additional_fields()
-> def calculate_additional_fields(data):
(Pdb) n
> /Users/elaine/PycharmProjects/Giraffe/Python_220/py220-online-201904-V2/students/elaine_x/lesson02/assignment/src/charges_calc.py(48)calculate_additional_fields()
-> for value in data.values():
(Pdb) l
 43  	            logging.warning('json file load error')
 44  	            exit(0)
 45  	    return data
 46
 47  	def calculate_additional_fields(data):
 48  ->	    for value in data.values():
 49  	        try:
 50  	            rental_start = datetime.datetime.strptime(value['rental_start'], '%m/%d/%y')
 51  	            rental_end = datetime.datetime.strptime(value['rental_end'], '%m/%d/%y')
 52  	            value['total_days'] = (rental_end - rental_start).days
 53  	            value['total_price'] = value['total_days'] * value['price_per_day']
(Pdb) n
> /Users/elaine/PycharmProjects/Giraffe/Python_220/py220-online-201904-V2/students/elaine_x/lesson02/assignment/src/charges_calc.py(49)calculate_additional_fields()
-> try:
(Pdb) n
> /Users/elaine/PycharmProjects/Giraffe/Python_220/py220-online-201904-V2/students/elaine_x/lesson02/assignment/src/charges_calc.py(50)calculate_additional_fields()
-> rental_start = datetime.datetime.strptime(value['rental_start'], '%m/%d/%y')
(Pdb) n
> /Users/elaine/PycharmProjects/Giraffe/Python_220/py220-online-201904-V2/students/elaine_x/lesson02/assignment/src/charges_calc.py(51)calculate_additional_fields()
-> rental_end = datetime.datetime.strptime(value['rental_end'], '%m/%d/%y')
(Pdb) n
> /Users/elaine/PycharmProjects/Giraffe/Python_220/py220-online-201904-V2/students/elaine_x/lesson02/assignment/src/charges_calc.py(52)calculate_additional_fields()
-> value['total_days'] = (rental_end - rental_start).days
(Pdb) n
> /Users/elaine/PycharmProjects/Giraffe/Python_220/py220-online-201904-V2/students/elaine_x/lesson02/assignment/src/charges_calc.py(53)calculate_additional_fields()
-> value['total_price'] = value['total_days'] * value['price_per_day']
(Pdb) n
> /Users/elaine/PycharmProjects/Giraffe/Python_220/py220-online-201904-V2/students/elaine_x/lesson02/assignment/src/charges_calc.py(54)calculate_additional_fields()
-> value['sqrt_total_price'] = math.sqrt(value['total_price'])
(Pdb) n
ValueError: math domain error
> /Users/elaine/PycharmProjects/Giraffe/Python_220/py220-online-201904-V2/students/elaine_x/lesson02/assignment/src/charges_calc.py(54)calculate_additional_fields()
-> value['sqrt_total_price'] = math.sqrt(value['total_price'])
(Pdb) rental_start
datetime.datetime(2017, 6, 12, 0, 0)
(Pdb) rental_end
datetime.datetime(2017, 3, 22, 0, 0)
(Pdb) value['total_days']
-82
(Pdb) value['total_price']
-2542
(Pdb) value['sqrt_total_price']
*** KeyError: 'sqrt_total_price'
(Pdb)
############################################################
#rental end day is prior to rental start date, swap date.
############################################################

#######################################################################################################
#######################################################################################################
#3rd try

elaines-MacBook-Air:src elaine$ python3 -m pdb charges_calc.py -i source.json -o output.json -d 1
> /Users/elaine/PycharmProjects/Giraffe/Python_220/py220-online-201904-V2/students/elaine_x/lesson02/assignment/src/charges_calc.py(3)<module>()
-> '''
(Pdb) b 79
Breakpoint 1 at /Users/elaine/PycharmProjects/Giraffe/Python_220/py220-online-201904-V2/students/elaine_x/lesson02/assignment/src/charges_calc.py:79
(Pdb) c
2019-04-15 20:06:49,749 charges_calc.py:58  DEBUG For RNT001, rental end day is prior to rental start date, swap date.
2019-04-15 20:06:49,750 charges_calc.py:58  DEBUG For RNT006, rental end day is prior to rental start date, swap date.
2019-04-15 20:06:49,751 charges_calc.py:58  DEBUG For RNT007, rental end day is prior to rental start date, swap date.
2019-04-15 20:06:49,751 charges_calc.py:58  DEBUG For RNT008, rental end day is prior to rental start date, swap date.
2019-04-15 20:06:49,752 charges_calc.py:58  DEBUG For RNT009, rental end day is prior to rental start date, swap date.
2019-04-15 20:06:49,752 charges_calc.py:58  DEBUG For RNT010, rental end day is prior to rental start date, swap date.
2019-04-15 20:06:49,753 charges_calc.py:58  DEBUG For RNT011, rental end day is prior to rental start date, swap date.
2019-04-15 20:06:49,754 charges_calc.py:58  DEBUG For RNT012, rental end day is prior to rental start date, swap date.
2019-04-15 20:06:49,754 charges_calc.py:58  DEBUG For RNT014, rental end day is prior to rental start date, swap date.
2019-04-15 20:06:49,755 charges_calc.py:58  DEBUG For RNT016, rental end day is prior to rental start date, swap date.
2019-04-15 20:06:49,756 charges_calc.py:58  DEBUG For RNT017, rental end day is prior to rental start date, swap date.
2019-04-15 20:06:49,757 charges_calc.py:58  DEBUG For RNT018, rental end day is prior to rental start date, swap date.
2019-04-15 20:06:49,757 charges_calc.py:58  DEBUG For RNT019, rental end day is prior to rental start date, swap date.
2019-04-15 20:06:49,758 charges_calc.py:58  DEBUG For RNT020, rental end day is prior to rental start date, swap date.
2019-04-15 20:06:49,758 charges_calc.py:58  DEBUG For RNT021, rental end day is prior to rental start date, swap date.
2019-04-15 20:06:49,759 charges_calc.py:58  DEBUG For RNT025, rental end day is prior to rental start date, swap date.
2019-04-15 20:06:49,760 charges_calc.py:58  DEBUG For RNT026, rental end day is prior to rental start date, swap date.
2019-04-15 20:06:49,760 charges_calc.py:58  DEBUG For RNT028, rental end day is prior to rental start date, swap date.
2019-04-15 20:06:49,761 charges_calc.py:58  DEBUG For RNT030, rental end day is prior to rental start date, swap date.
2019-04-15 20:06:49,761 charges_calc.py:58  DEBUG For RNT031, rental end day is prior to rental start date, swap date.
2019-04-15 20:06:49,762 charges_calc.py:58  DEBUG For RNT034, rental end day is prior to rental start date, swap date.
2019-04-15 20:06:49,763 charges_calc.py:58  DEBUG For RNT040, rental end day is prior to rental start date, swap date.
2019-04-15 20:06:49,764 charges_calc.py:58  DEBUG For RNT041, rental end day is prior to rental start date, swap date.
2019-04-15 20:06:49,765 charges_calc.py:58  DEBUG For RNT044, rental end day is prior to rental start date, swap date.
2019-04-15 20:06:49,765 charges_calc.py:58  DEBUG For RNT045, rental end day is prior to rental start date, swap date.
2019-04-15 20:06:49,766 charges_calc.py:58  DEBUG For RNT046, rental end day is prior to rental start date, swap date.
2019-04-15 20:06:49,766 charges_calc.py:58  DEBUG For RNT047, rental end day is prior to rental start date, swap date.
2019-04-15 20:06:49,767 charges_calc.py:58  DEBUG For RNT048, rental end day is prior to rental start date, swap date.
2019-04-15 20:06:49,768 charges_calc.py:58  DEBUG For RNT050, rental end day is prior to rental start date, swap date.
2019-04-15 20:06:49,769 charges_calc.py:58  DEBUG For RNT056, rental end day is prior to rental start date, swap date.
2019-04-15 20:06:49,769 charges_calc.py:58  DEBUG For RNT058, rental end day is prior to rental start date, swap date.
2019-04-15 20:06:49,770 charges_calc.py:58  DEBUG For RNT060, rental end day is prior to rental start date, swap date.
2019-04-15 20:06:49,771 charges_calc.py:58  DEBUG For RNT061, rental end day is prior to rental start date, swap date.
2019-04-15 20:06:49,771 charges_calc.py:58  DEBUG For RNT062, rental end day is prior to rental start date, swap date.
2019-04-15 20:06:49,772 charges_calc.py:58  DEBUG For RNT065, rental end day is prior to rental start date, swap date.
2019-04-15 20:06:49,773 charges_calc.py:58  DEBUG For RNT067, rental end day is prior to rental start date, swap date.
2019-04-15 20:06:49,774 charges_calc.py:58  DEBUG For RNT071, rental end day is prior to rental start date, swap date.
2019-04-15 20:06:49,774 charges_calc.py:58  DEBUG For RNT074, rental end day is prior to rental start date, swap date.
2019-04-15 20:06:49,775 charges_calc.py:58  DEBUG For RNT076, rental end day is prior to rental start date, swap date.
2019-04-15 20:06:49,776 charges_calc.py:58  DEBUG For RNT077, rental end day is prior to rental start date, swap date.
2019-04-15 20:06:49,776 charges_calc.py:58  DEBUG For RNT079, rental end day is prior to rental start date, swap date.
2019-04-15 20:06:49,777 charges_calc.py:58  DEBUG For RNT084, rental end day is prior to rental start date, swap date.
2019-04-15 20:06:49,778 charges_calc.py:58  DEBUG For RNT086, rental end day is prior to rental start date, swap date.
2019-04-15 20:06:49,778 charges_calc.py:58  DEBUG For RNT087, rental end day is prior to rental start date, swap date.
2019-04-15 20:06:49,779 charges_calc.py:58  DEBUG For RNT089, rental end day is prior to rental start date, swap date.
2019-04-15 20:06:49,780 charges_calc.py:58  DEBUG For RNT092, rental end day is prior to rental start date, swap date.
2019-04-15 20:06:49,781 charges_calc.py:58  DEBUG For RNT095, rental end day is prior to rental start date, swap date.
2019-04-15 20:06:49,781 charges_calc.py:58  DEBUG For RNT097, rental end day is prior to rental start date, swap date.
2019-04-15 20:06:49,782 charges_calc.py:58  DEBUG For RNT099, rental end day is prior to rental start date, swap date.
2019-04-15 20:06:49,783 charges_calc.py:58  DEBUG For RNT100, rental end day is prior to rental start date, swap date.
2019-04-15 20:06:49,783 charges_calc.py:58  DEBUG For RNT101, rental end day is prior to rental start date, swap date.
2019-04-15 20:06:49,784 charges_calc.py:58  DEBUG For RNT102, rental end day is prior to rental start date, swap date.
2019-04-15 20:06:49,784 charges_calc.py:58  DEBUG For RNT103, rental end day is prior to rental start date, swap date.
2019-04-15 20:06:49,785 charges_calc.py:58  DEBUG For RNT104, rental end day is prior to rental start date, swap date.
2019-04-15 20:06:49,786 charges_calc.py:58  DEBUG For RNT105, rental end day is prior to rental start date, swap date.
2019-04-15 20:06:49,787 charges_calc.py:58  DEBUG For RNT106, rental end day is prior to rental start date, swap date.
2019-04-15 20:06:49,788 charges_calc.py:58  DEBUG For RNT107, rental end day is prior to rental start date, swap date.
2019-04-15 20:06:49,789 charges_calc.py:58  DEBUG For RNT109, rental end day is prior to rental start date, swap date.
2019-04-15 20:06:49,790 charges_calc.py:58  DEBUG For RNT114, rental end day is prior to rental start date, swap date.
2019-04-15 20:06:49,790 charges_calc.py:58  DEBUG For RNT115, rental end day is prior to rental start date, swap date.
2019-04-15 20:06:49,791 charges_calc.py:58  DEBUG For RNT116, rental end day is prior to rental start date, swap date.
2019-04-15 20:06:49,791 charges_calc.py:58  DEBUG For RNT118, rental end day is prior to rental start date, swap date.
2019-04-15 20:06:49,792 charges_calc.py:58  DEBUG For RNT119, rental end day is prior to rental start date, swap date.
2019-04-15 20:06:49,793 charges_calc.py:58  DEBUG For RNT120, rental end day is prior to rental start date, swap date.
2019-04-15 20:06:49,794 charges_calc.py:58  DEBUG For RNT121, rental end day is prior to rental start date, swap date.
2019-04-15 20:06:49,794 charges_calc.py:58  DEBUG For RNT122, rental end day is prior to rental start date, swap date.
2019-04-15 20:06:49,795 charges_calc.py:58  DEBUG For RNT123, rental end day is prior to rental start date, swap date.
2019-04-15 20:06:49,795 charges_calc.py:58  DEBUG For RNT125, rental end day is prior to rental start date, swap date.
2019-04-15 20:06:49,796 charges_calc.py:58  DEBUG For RNT129, rental end day is prior to rental start date, swap date.
2019-04-15 20:06:49,797 charges_calc.py:58  DEBUG For RNT130, rental end day is prior to rental start date, swap date.
2019-04-15 20:06:49,798 charges_calc.py:58  DEBUG For RNT135, rental end day is prior to rental start date, swap date.
2019-04-15 20:06:49,799 charges_calc.py:58  DEBUG For RNT139, rental end day is prior to rental start date, swap date.
2019-04-15 20:06:49,799 charges_calc.py:58  DEBUG For RNT141, rental end day is prior to rental start date, swap date.
2019-04-15 20:06:49,800 charges_calc.py:58  DEBUG For RNT142, rental end day is prior to rental start date, swap date.
2019-04-15 20:06:49,800 charges_calc.py:58  DEBUG For RNT143, rental end day is prior to rental start date, swap date.
2019-04-15 20:06:49,801 charges_calc.py:58  DEBUG For RNT145, rental end day is prior to rental start date, swap date.
2019-04-15 20:06:49,802 charges_calc.py:58  DEBUG For RNT148, rental end day is prior to rental start date, swap date.
2019-04-15 20:06:49,803 charges_calc.py:58  DEBUG For RNT149, rental end day is prior to rental start date, swap date.
2019-04-15 20:06:49,803 charges_calc.py:58  DEBUG For RNT151, rental end day is prior to rental start date, swap date.
2019-04-15 20:06:49,804 charges_calc.py:58  DEBUG For RNT154, rental end day is prior to rental start date, swap date.
2019-04-15 20:06:49,804 charges_calc.py:58  DEBUG For RNT155, rental end day is prior to rental start date, swap date.
2019-04-15 20:06:49,805 charges_calc.py:58  DEBUG For RNT157, rental end day is prior to rental start date, swap date.
2019-04-15 20:06:49,806 charges_calc.py:58  DEBUG For RNT158, rental end day is prior to rental start date, swap date.
2019-04-15 20:06:49,806 charges_calc.py:58  DEBUG For RNT160, rental end day is prior to rental start date, swap date.
2019-04-15 20:06:49,807 charges_calc.py:58  DEBUG For RNT163, rental end day is prior to rental start date, swap date.
2019-04-15 20:06:49,807 charges_calc.py:58  DEBUG For RNT164, rental end day is prior to rental start date, swap date.
2019-04-15 20:06:49,808 charges_calc.py:58  DEBUG For RNT166, rental end day is prior to rental start date, swap date.
2019-04-15 20:06:49,809 charges_calc.py:58  DEBUG For RNT167, rental end day is prior to rental start date, swap date.
2019-04-15 20:06:49,809 charges_calc.py:58  DEBUG For RNT168, rental end day is prior to rental start date, swap date.
2019-04-15 20:06:49,810 charges_calc.py:58  DEBUG For RNT169, rental end day is prior to rental start date, swap date.
2019-04-15 20:06:49,810 charges_calc.py:58  DEBUG For RNT170, rental end day is prior to rental start date, swap date.
2019-04-15 20:06:49,811 charges_calc.py:58  DEBUG For RNT175, rental end day is prior to rental start date, swap date.
2019-04-15 20:06:49,812 charges_calc.py:58  DEBUG For RNT178, rental end day is prior to rental start date, swap date.
2019-04-15 20:06:49,813 charges_calc.py:58  DEBUG For RNT179, rental end day is prior to rental start date, swap date.
2019-04-15 20:06:49,813 charges_calc.py:58  DEBUG For RNT180, rental end day is prior to rental start date, swap date.
2019-04-15 20:06:49,814 charges_calc.py:58  DEBUG For RNT183, rental end day is prior to rental start date, swap date.
2019-04-15 20:06:49,814 charges_calc.py:58  DEBUG For RNT184, rental end day is prior to rental start date, swap date.
2019-04-15 20:06:49,815 charges_calc.py:58  DEBUG For RNT187, rental end day is prior to rental start date, swap date.
2019-04-15 20:06:49,816 charges_calc.py:58  DEBUG For RNT189, rental end day is prior to rental start date, swap date.
2019-04-15 20:06:49,817 charges_calc.py:58  DEBUG For RNT192, rental end day is prior to rental start date, swap date.
2019-04-15 20:06:49,817 charges_calc.py:58  DEBUG For RNT195, rental end day is prior to rental start date, swap date.
2019-04-15 20:06:49,818 charges_calc.py:58  DEBUG For RNT196, rental end day is prior to rental start date, swap date.
2019-04-15 20:06:49,818 charges_calc.py:58  DEBUG For RNT197, rental end day is prior to rental start date, swap date.
2019-04-15 20:06:49,819 charges_calc.py:58  DEBUG For RNT201, rental end day is prior to rental start date, swap date.
2019-04-15 20:06:49,820 charges_calc.py:58  DEBUG For RNT202, rental end day is prior to rental start date, swap date.
2019-04-15 20:06:49,821 charges_calc.py:58  DEBUG For RNT207, rental end day is prior to rental start date, swap date.
2019-04-15 20:06:49,821 charges_calc.py:58  DEBUG For RNT208, rental end day is prior to rental start date, swap date.
2019-04-15 20:06:49,822 charges_calc.py:58  DEBUG For RNT210, rental end day is prior to rental start date, swap date.
2019-04-15 20:06:49,824 charges_calc.py:58  DEBUG For RNT214, rental end day is prior to rental start date, swap date.
2019-04-15 20:06:49,825 charges_calc.py:58  DEBUG For RNT216, rental end day is prior to rental start date, swap date.
2019-04-15 20:06:49,826 charges_calc.py:58  DEBUG For RNT217, rental end day is prior to rental start date, swap date.
2019-04-15 20:06:49,827 charges_calc.py:58  DEBUG For RNT218, rental end day is prior to rental start date, swap date.
2019-04-15 20:06:49,827 charges_calc.py:58  DEBUG For RNT221, rental end day is prior to rental start date, swap date.
2019-04-15 20:06:49,828 charges_calc.py:58  DEBUG For RNT223, rental end day is prior to rental start date, swap date.
2019-04-15 20:06:49,829 charges_calc.py:58  DEBUG For RNT224, rental end day is prior to rental start date, swap date.
2019-04-15 20:06:49,829 charges_calc.py:58  DEBUG For RNT225, rental end day is prior to rental start date, swap date.
2019-04-15 20:06:49,830 charges_calc.py:58  DEBUG For RNT227, rental end day is prior to rental start date, swap date.
2019-04-15 20:06:49,831 charges_calc.py:58  DEBUG For RNT229, rental end day is prior to rental start date, swap date.
2019-04-15 20:06:49,832 charges_calc.py:58  DEBUG For RNT233, rental end day is prior to rental start date, swap date.
2019-04-15 20:06:49,833 charges_calc.py:58  DEBUG For RNT234, rental end day is prior to rental start date, swap date.
2019-04-15 20:06:49,833 charges_calc.py:58  DEBUG For RNT236, rental end day is prior to rental start date, swap date.
2019-04-15 20:06:49,834 charges_calc.py:58  DEBUG For RNT238, rental end day is prior to rental start date, swap date.
2019-04-15 20:06:49,835 charges_calc.py:58  DEBUG For RNT241, rental end day is prior to rental start date, swap date.
2019-04-15 20:06:49,835 charges_calc.py:58  DEBUG For RNT242, rental end day is prior to rental start date, swap date.
2019-04-15 20:06:49,836 charges_calc.py:58  DEBUG For RNT243, rental end day is prior to rental start date, swap date.
2019-04-15 20:06:49,836 charges_calc.py:58  DEBUG For RNT244, rental end day is prior to rental start date, swap date.
2019-04-15 20:06:49,837 charges_calc.py:58  DEBUG For RNT246, rental end day is prior to rental start date, swap date.
2019-04-15 20:06:49,838 charges_calc.py:58  DEBUG For RNT247, rental end day is prior to rental start date, swap date.
2019-04-15 20:06:49,839 charges_calc.py:58  DEBUG For RNT254, rental end day is prior to rental start date, swap date.
2019-04-15 20:06:49,840 charges_calc.py:58  DEBUG For RNT258, rental end day is prior to rental start date, swap date.
2019-04-15 20:06:49,840 charges_calc.py:58  DEBUG For RNT259, rental end day is prior to rental start date, swap date.
2019-04-15 20:06:49,841 charges_calc.py:58  DEBUG For RNT260, rental end day is prior to rental start date, swap date.
2019-04-15 20:06:49,841 charges_calc.py:58  DEBUG For RNT261, rental end day is prior to rental start date, swap date.
2019-04-15 20:06:49,842 charges_calc.py:58  DEBUG For RNT264, rental end day is prior to rental start date, swap date.
2019-04-15 20:06:49,843 charges_calc.py:58  DEBUG For RNT265, rental end day is prior to rental start date, swap date.
2019-04-15 20:06:49,844 charges_calc.py:58  DEBUG For RNT270, rental end day is prior to rental start date, swap date.
2019-04-15 20:06:49,844 charges_calc.py:58  DEBUG For RNT271, rental end day is prior to rental start date, swap date.
2019-04-15 20:06:49,845 charges_calc.py:58  DEBUG For RNT272, rental end day is prior to rental start date, swap date.
2019-04-15 20:06:49,846 charges_calc.py:58  DEBUG For RNT274, rental end day is prior to rental start date, swap date.
2019-04-15 20:06:49,846 charges_calc.py:58  DEBUG For RNT277, rental end day is prior to rental start date, swap date.
2019-04-15 20:06:49,847 charges_calc.py:58  DEBUG For RNT282, rental end day is prior to rental start date, swap date.
2019-04-15 20:06:49,848 charges_calc.py:58  DEBUG For RNT283, rental end day is prior to rental start date, swap date.
2019-04-15 20:06:49,849 charges_calc.py:58  DEBUG For RNT288, rental end day is prior to rental start date, swap date.
2019-04-15 20:06:49,850 charges_calc.py:58  DEBUG For RNT290, rental end day is prior to rental start date, swap date.
2019-04-15 20:06:49,851 charges_calc.py:58  DEBUG For RNT295, rental end day is prior to rental start date, swap date.
2019-04-15 20:06:49,851 charges_calc.py:58  DEBUG For RNT296, rental end day is prior to rental start date, swap date.
2019-04-15 20:06:49,852 charges_calc.py:58  DEBUG For RNT298, rental end day is prior to rental start date, swap date.
2019-04-15 20:06:49,853 charges_calc.py:58  DEBUG For RNT299, rental end day is prior to rental start date, swap date.
2019-04-15 20:06:49,853 charges_calc.py:58  DEBUG For RNT300, rental end day is prior to rental start date, swap date.
2019-04-15 20:06:49,854 charges_calc.py:58  DEBUG For RNT301, rental end day is prior to rental start date, swap date.
2019-04-15 20:06:49,854 charges_calc.py:58  DEBUG For RNT302, rental end day is prior to rental start date, swap date.
2019-04-15 20:06:49,855 charges_calc.py:58  DEBUG For RNT303, rental end day is prior to rental start date, swap date.
2019-04-15 20:06:49,855 charges_calc.py:58  DEBUG For RNT304, rental end day is prior to rental start date, swap date.
2019-04-15 20:06:49,856 charges_calc.py:58  DEBUG For RNT305, rental end day is prior to rental start date, swap date.
2019-04-15 20:06:49,856 charges_calc.py:58  DEBUG For RNT306, rental end day is prior to rental start date, swap date.
2019-04-15 20:06:49,857 charges_calc.py:58  DEBUG For RNT308, rental end day is prior to rental start date, swap date.
2019-04-15 20:06:49,858 charges_calc.py:58  DEBUG For RNT309, rental end day is prior to rental start date, swap date.
2019-04-15 20:06:49,858 charges_calc.py:58  DEBUG For RNT310, rental end day is prior to rental start date, swap date.
2019-04-15 20:06:49,859 charges_calc.py:58  DEBUG For RNT311, rental end day is prior to rental start date, swap date.
2019-04-15 20:06:49,859 charges_calc.py:58  DEBUG For RNT312, rental end day is prior to rental start date, swap date.
2019-04-15 20:06:49,860 charges_calc.py:58  DEBUG For RNT313, rental end day is prior to rental start date, swap date.
2019-04-15 20:06:49,860 charges_calc.py:58  DEBUG For RNT314, rental end day is prior to rental start date, swap date.
2019-04-15 20:06:49,861 charges_calc.py:58  DEBUG For RNT315, rental end day is prior to rental start date, swap date.
2019-04-15 20:06:49,862 charges_calc.py:58  DEBUG For RNT316, rental end day is prior to rental start date, swap date.
2019-04-15 20:06:49,863 charges_calc.py:58  DEBUG For RNT320, rental end day is prior to rental start date, swap date.
2019-04-15 20:06:49,864 charges_calc.py:58  DEBUG For RNT321, rental end day is prior to rental start date, swap date.
2019-04-15 20:06:49,865 charges_calc.py:58  DEBUG For RNT324, rental end day is prior to rental start date, swap date.
2019-04-15 20:06:49,866 charges_calc.py:58  DEBUG For RNT325, rental end day is prior to rental start date, swap date.
2019-04-15 20:06:49,867 charges_calc.py:58  DEBUG For RNT331, rental end day is prior to rental start date, swap date.
2019-04-15 20:06:49,868 charges_calc.py:58  DEBUG For RNT335, rental end day is prior to rental start date, swap date.
2019-04-15 20:06:49,868 charges_calc.py:58  DEBUG For RNT336, rental end day is prior to rental start date, swap date.
2019-04-15 20:06:49,869 charges_calc.py:58  DEBUG For RNT337, rental end day is prior to rental start date, swap date.
2019-04-15 20:06:49,869 charges_calc.py:58  DEBUG For RNT339, rental end day is prior to rental start date, swap date.
2019-04-15 20:06:49,870 charges_calc.py:58  DEBUG For RNT343, rental end day is prior to rental start date, swap date.
2019-04-15 20:06:49,871 charges_calc.py:58  DEBUG For RNT345, rental end day is prior to rental start date, swap date.
2019-04-15 20:06:49,871 charges_calc.py:58  DEBUG For RNT346, rental end day is prior to rental start date, swap date.
2019-04-15 20:06:49,872 charges_calc.py:58  DEBUG For RNT347, rental end day is prior to rental start date, swap date.
2019-04-15 20:06:49,873 charges_calc.py:58  DEBUG For RNT352, rental end day is prior to rental start date, swap date.
2019-04-15 20:06:49,873 charges_calc.py:58  DEBUG For RNT353, rental end day is prior to rental start date, swap date.
2019-04-15 20:06:49,874 charges_calc.py:58  DEBUG For RNT355, rental end day is prior to rental start date, swap date.
2019-04-15 20:06:49,875 charges_calc.py:58  DEBUG For RNT356, rental end day is prior to rental start date, swap date.
2019-04-15 20:06:49,876 charges_calc.py:58  DEBUG For RNT361, rental end day is prior to rental start date, swap date.
2019-04-15 20:06:49,877 charges_calc.py:58  DEBUG For RNT363, rental end day is prior to rental start date, swap date.
2019-04-15 20:06:49,878 charges_calc.py:58  DEBUG For RNT364, rental end day is prior to rental start date, swap date.
2019-04-15 20:06:49,878 charges_calc.py:58  DEBUG For RNT366, rental end day is prior to rental start date, swap date.
2019-04-15 20:06:49,879 charges_calc.py:58  DEBUG For RNT371, rental end day is prior to rental start date, swap date.
2019-04-15 20:06:49,880 charges_calc.py:58  DEBUG For RNT372, rental end day is prior to rental start date, swap date.
2019-04-15 20:06:49,880 charges_calc.py:58  DEBUG For RNT374, rental end day is prior to rental start date, swap date.
2019-04-15 20:06:49,881 charges_calc.py:58  DEBUG For RNT376, rental end day is prior to rental start date, swap date.
2019-04-15 20:06:49,882 charges_calc.py:58  DEBUG For RNT379, rental end day is prior to rental start date, swap date.
2019-04-15 20:06:49,883 charges_calc.py:58  DEBUG For RNT381, rental end day is prior to rental start date, swap date.
2019-04-15 20:06:49,883 charges_calc.py:58  DEBUG For RNT383, rental end day is prior to rental start date, swap date.
2019-04-15 20:06:49,884 charges_calc.py:58  DEBUG For RNT384, rental end day is prior to rental start date, swap date.
2019-04-15 20:06:49,885 charges_calc.py:58  DEBUG For RNT386, rental end day is prior to rental start date, swap date.
2019-04-15 20:06:49,885 charges_calc.py:58  DEBUG For RNT387, rental end day is prior to rental start date, swap date.
2019-04-15 20:06:49,886 charges_calc.py:58  DEBUG For RNT388, rental end day is prior to rental start date, swap date.
2019-04-15 20:06:49,886 charges_calc.py:58  DEBUG For RNT391, rental end day is prior to rental start date, swap date.
2019-04-15 20:06:49,887 charges_calc.py:58  DEBUG For RNT392, rental end day is prior to rental start date, swap date.
2019-04-15 20:06:49,887 charges_calc.py:58  DEBUG For RNT394, rental end day is prior to rental start date, swap date.
2019-04-15 20:06:49,888 charges_calc.py:58  DEBUG For RNT395, rental end day is prior to rental start date, swap date.
2019-04-15 20:06:49,889 charges_calc.py:58  DEBUG For RNT397, rental end day is prior to rental start date, swap date.
2019-04-15 20:06:49,889 charges_calc.py:58  DEBUG For RNT400, rental end day is prior to rental start date, swap date.
2019-04-15 20:06:49,890 charges_calc.py:58  DEBUG For RNT405, rental end day is prior to rental start date, swap date.
2019-04-15 20:06:49,891 charges_calc.py:58  DEBUG For RNT408, rental end day is prior to rental start date, swap date.
2019-04-15 20:06:49,892 charges_calc.py:58  DEBUG For RNT409, rental end day is prior to rental start date, swap date.
2019-04-15 20:06:49,892 charges_calc.py:58  DEBUG For RNT412, rental end day is prior to rental start date, swap date.
2019-04-15 20:06:49,893 charges_calc.py:58  DEBUG For RNT413, rental end day is prior to rental start date, swap date.
2019-04-15 20:06:49,893 charges_calc.py:58  DEBUG For RNT414, rental end day is prior to rental start date, swap date.
2019-04-15 20:06:49,894 charges_calc.py:58  DEBUG For RNT416, rental end day is prior to rental start date, swap date.
2019-04-15 20:06:49,895 charges_calc.py:58  DEBUG For RNT421, rental end day is prior to rental start date, swap date.
2019-04-15 20:06:49,896 charges_calc.py:58  DEBUG For RNT422, rental end day is prior to rental start date, swap date.
2019-04-15 20:06:49,896 charges_calc.py:58  DEBUG For RNT423, rental end day is prior to rental start date, swap date.
2019-04-15 20:06:49,897 charges_calc.py:58  DEBUG For RNT424, rental end day is prior to rental start date, swap date.
2019-04-15 20:06:49,897 charges_calc.py:58  DEBUG For RNT427, rental end day is prior to rental start date, swap date.
2019-04-15 20:06:49,898 charges_calc.py:58  DEBUG For RNT428, rental end day is prior to rental start date, swap date.
2019-04-15 20:06:49,899 charges_calc.py:58  DEBUG For RNT430, rental end day is prior to rental start date, swap date.
2019-04-15 20:06:49,901 charges_calc.py:58  DEBUG For RNT435, rental end day is prior to rental start date, swap date.
2019-04-15 20:06:49,902 charges_calc.py:58  DEBUG For RNT436, rental end day is prior to rental start date, swap date.
2019-04-15 20:06:49,903 charges_calc.py:58  DEBUG For RNT440, rental end day is prior to rental start date, swap date.
2019-04-15 20:06:49,904 charges_calc.py:58  DEBUG For RNT443, rental end day is prior to rental start date, swap date.
2019-04-15 20:06:49,905 charges_calc.py:58  DEBUG For RNT445, rental end day is prior to rental start date, swap date.
2019-04-15 20:06:49,906 charges_calc.py:58  DEBUG For RNT446, rental end day is prior to rental start date, swap date.
2019-04-15 20:06:49,906 charges_calc.py:58  DEBUG For RNT447, rental end day is prior to rental start date, swap date.
2019-04-15 20:06:49,907 charges_calc.py:58  DEBUG For RNT449, rental end day is prior to rental start date, swap date.
2019-04-15 20:06:49,907 charges_calc.py:58  DEBUG For RNT451, rental end day is prior to rental start date, swap date.
2019-04-15 20:06:49,908 charges_calc.py:58  DEBUG For RNT453, rental end day is prior to rental start date, swap date.
2019-04-15 20:06:49,909 charges_calc.py:58  DEBUG For RNT454, rental end day is prior to rental start date, swap date.
2019-04-15 20:06:49,910 charges_calc.py:58  DEBUG For RNT457, rental end day is prior to rental start date, swap date.
2019-04-15 20:06:49,911 charges_calc.py:58  DEBUG For RNT461, rental end day is prior to rental start date, swap date.
2019-04-15 20:06:49,912 charges_calc.py:58  DEBUG For RNT462, rental end day is prior to rental start date, swap date.
2019-04-15 20:06:49,912 charges_calc.py:58  DEBUG For RNT463, rental end day is prior to rental start date, swap date.
2019-04-15 20:06:49,913 charges_calc.py:58  DEBUG For RNT465, rental end day is prior to rental start date, swap date.
2019-04-15 20:06:49,914 charges_calc.py:58  DEBUG For RNT467, rental end day is prior to rental start date, swap date.
2019-04-15 20:06:49,915 charges_calc.py:58  DEBUG For RNT472, rental end day is prior to rental start date, swap date.
2019-04-15 20:06:49,916 charges_calc.py:58  DEBUG For RNT476, rental end day is prior to rental start date, swap date.
2019-04-15 20:06:49,917 charges_calc.py:58  DEBUG For RNT480, rental end day is prior to rental start date, swap date.
2019-04-15 20:06:49,918 charges_calc.py:58  DEBUG For RNT485, rental end day is prior to rental start date, swap date.
2019-04-15 20:06:49,918 charges_calc.py:58  DEBUG For RNT487, rental end day is prior to rental start date, swap date.
2019-04-15 20:06:49,919 charges_calc.py:58  DEBUG For RNT489, rental end day is prior to rental start date, swap date.
2019-04-15 20:06:49,919 charges_calc.py:58  DEBUG For RNT490, rental end day is prior to rental start date, swap date.
2019-04-15 20:06:49,920 charges_calc.py:58  DEBUG For RNT491, rental end day is prior to rental start date, swap date.
2019-04-15 20:06:49,921 charges_calc.py:58  DEBUG For RNT493, rental end day is prior to rental start date, swap date.
2019-04-15 20:06:49,921 charges_calc.py:58  DEBUG For RNT495, rental end day is prior to rental start date, swap date.
2019-04-15 20:06:49,922 charges_calc.py:58  DEBUG For RNT496, rental end day is prior to rental start date, swap date.
2019-04-15 20:06:49,922 charges_calc.py:58  DEBUG For RNT497, rental end day is prior to rental start date, swap date.
2019-04-15 20:06:49,923 charges_calc.py:58  DEBUG For RNT501, rental end day is prior to rental start date, swap date.
2019-04-15 20:06:49,924 charges_calc.py:58  DEBUG For RNT503, rental end day is prior to rental start date, swap date.
2019-04-15 20:06:49,925 charges_calc.py:58  DEBUG For RNT507, rental end day is prior to rental start date, swap date.
2019-04-15 20:06:49,925 charges_calc.py:58  DEBUG For RNT508, rental end day is prior to rental start date, swap date.
2019-04-15 20:06:49,926 charges_calc.py:58  DEBUG For RNT509, rental end day is prior to rental start date, swap date.
2019-04-15 20:06:49,926 charges_calc.py:58  DEBUG For RNT512, rental end day is prior to rental start date, swap date.
2019-04-15 20:06:49,927 charges_calc.py:58  DEBUG For RNT513, rental end day is prior to rental start date, swap date.
2019-04-15 20:06:49,927 charges_calc.py:58  DEBUG For RNT514, rental end day is prior to rental start date, swap date.
2019-04-15 20:06:49,928 charges_calc.py:58  DEBUG For RNT515, rental end day is prior to rental start date, swap date.
2019-04-15 20:06:49,928 charges_calc.py:58  DEBUG For RNT516, rental end day is prior to rental start date, swap date.
2019-04-15 20:06:49,929 charges_calc.py:58  DEBUG For RNT517, rental end day is prior to rental start date, swap date.
2019-04-15 20:06:49,929 charges_calc.py:58  DEBUG For RNT518, rental end day is prior to rental start date, swap date.
2019-04-15 20:06:49,930 charges_calc.py:58  DEBUG For RNT520, rental end day is prior to rental start date, swap date.
2019-04-15 20:06:49,931 charges_calc.py:58  DEBUG For RNT522, rental end day is prior to rental start date, swap date.
2019-04-15 20:06:49,931 charges_calc.py:58  DEBUG For RNT524, rental end day is prior to rental start date, swap date.
2019-04-15 20:06:49,932 charges_calc.py:58  DEBUG For RNT525, rental end day is prior to rental start date, swap date.
2019-04-15 20:06:49,933 charges_calc.py:58  DEBUG For RNT528, rental end day is prior to rental start date, swap date.
2019-04-15 20:06:49,934 charges_calc.py:58  DEBUG For RNT532, rental end day is prior to rental start date, swap date.
2019-04-15 20:06:49,934 charges_calc.py:58  DEBUG For RNT533, rental end day is prior to rental start date, swap date.
2019-04-15 20:06:49,935 charges_calc.py:58  DEBUG For RNT535, rental end day is prior to rental start date, swap date.
2019-04-15 20:06:49,935 charges_calc.py:58  DEBUG For RNT536, rental end day is prior to rental start date, swap date.
2019-04-15 20:06:49,936 charges_calc.py:58  DEBUG For RNT537, rental end day is prior to rental start date, swap date.
2019-04-15 20:06:49,936 charges_calc.py:58  DEBUG For RNT538, rental end day is prior to rental start date, swap date.
2019-04-15 20:06:49,937 charges_calc.py:58  DEBUG For RNT539, rental end day is prior to rental start date, swap date.
2019-04-15 20:06:49,937 charges_calc.py:58  DEBUG For RNT541, rental end day is prior to rental start date, swap date.
2019-04-15 20:06:49,938 charges_calc.py:58  DEBUG For RNT544, rental end day is prior to rental start date, swap date.
2019-04-15 20:06:49,939 charges_calc.py:58  DEBUG For RNT545, rental end day is prior to rental start date, swap date.
2019-04-15 20:06:49,940 charges_calc.py:58  DEBUG For RNT546, rental end day is prior to rental start date, swap date.
2019-04-15 20:06:49,941 charges_calc.py:58  DEBUG For RNT548, rental end day is prior to rental start date, swap date.
2019-04-15 20:06:49,943 charges_calc.py:58  DEBUG For RNT550, rental end day is prior to rental start date, swap date.
2019-04-15 20:06:49,943 charges_calc.py:58  DEBUG For RNT551, rental end day is prior to rental start date, swap date.
2019-04-15 20:06:49,944 charges_calc.py:58  DEBUG For RNT555, rental end day is prior to rental start date, swap date.
2019-04-15 20:06:49,945 charges_calc.py:58  DEBUG For RNT558, rental end day is prior to rental start date, swap date.
2019-04-15 20:06:49,946 charges_calc.py:58  DEBUG For RNT561, rental end day is prior to rental start date, swap date.
2019-04-15 20:06:49,947 charges_calc.py:58  DEBUG For RNT562, rental end day is prior to rental start date, swap date.
2019-04-15 20:06:49,948 charges_calc.py:58  DEBUG For RNT566, rental end day is prior to rental start date, swap date.
2019-04-15 20:06:49,949 charges_calc.py:58  DEBUG For RNT569, rental end day is prior to rental start date, swap date.
2019-04-15 20:06:49,949 charges_calc.py:58  DEBUG For RNT570, rental end day is prior to rental start date, swap date.
2019-04-15 20:06:49,950 charges_calc.py:58  DEBUG For RNT572, rental end day is prior to rental start date, swap date.
2019-04-15 20:06:49,951 charges_calc.py:58  DEBUG For RNT575, rental end day is prior to rental start date, swap date.
2019-04-15 20:06:49,952 charges_calc.py:58  DEBUG For RNT580, rental end day is prior to rental start date, swap date.
2019-04-15 20:06:49,952 charges_calc.py:58  DEBUG For RNT582, rental end day is prior to rental start date, swap date.
2019-04-15 20:06:49,953 charges_calc.py:58  DEBUG For RNT585, rental end day is prior to rental start date, swap date.
2019-04-15 20:06:49,954 charges_calc.py:58  DEBUG For RNT586, rental end day is prior to rental start date, swap date.
2019-04-15 20:06:49,954 charges_calc.py:58  DEBUG For RNT587, rental end day is prior to rental start date, swap date.
2019-04-15 20:06:49,955 charges_calc.py:58  DEBUG For RNT590, rental end day is prior to rental start date, swap date.
2019-04-15 20:06:49,956 charges_calc.py:58  DEBUG For RNT591, rental end day is prior to rental start date, swap date.
2019-04-15 20:06:49,956 charges_calc.py:58  DEBUG For RNT592, rental end day is prior to rental start date, swap date.
2019-04-15 20:06:49,957 charges_calc.py:58  DEBUG For RNT593, rental end day is prior to rental start date, swap date.
2019-04-15 20:06:49,957 charges_calc.py:58  DEBUG For RNT595, rental end day is prior to rental start date, swap date.
2019-04-15 20:06:49,958 charges_calc.py:58  DEBUG For RNT597, rental end day is prior to rental start date, swap date.
2019-04-15 20:06:49,959 charges_calc.py:58  DEBUG For RNT598, rental end day is prior to rental start date, swap date.
2019-04-15 20:06:49,959 charges_calc.py:58  DEBUG For RNT599, rental end day is prior to rental start date, swap date.
2019-04-15 20:06:49,960 charges_calc.py:58  DEBUG For RNT601, rental end day is prior to rental start date, swap date.
2019-04-15 20:06:49,960 charges_calc.py:58  DEBUG For RNT602, rental end day is prior to rental start date, swap date.
2019-04-15 20:06:49,961 charges_calc.py:58  DEBUG For RNT603, rental end day is prior to rental start date, swap date.
2019-04-15 20:06:49,961 charges_calc.py:58  DEBUG For RNT604, rental end day is prior to rental start date, swap date.
2019-04-15 20:06:49,962 charges_calc.py:58  DEBUG For RNT605, rental end day is prior to rental start date, swap date.
2019-04-15 20:06:49,962 charges_calc.py:58  DEBUG For RNT606, rental end day is prior to rental start date, swap date.
2019-04-15 20:06:49,963 charges_calc.py:58  DEBUG For RNT611, rental end day is prior to rental start date, swap date.
2019-04-15 20:06:49,964 charges_calc.py:58  DEBUG For RNT613, rental end day is prior to rental start date, swap date.
2019-04-15 20:06:49,964 charges_calc.py:58  DEBUG For RNT615, rental end day is prior to rental start date, swap date.
2019-04-15 20:06:49,966 charges_calc.py:58  DEBUG For RNT622, rental end day is prior to rental start date, swap date.
2019-04-15 20:06:49,967 charges_calc.py:58  DEBUG For RNT626, rental end day is prior to rental start date, swap date.
2019-04-15 20:06:49,968 charges_calc.py:58  DEBUG For RNT630, rental end day is prior to rental start date, swap date.
2019-04-15 20:06:49,968 charges_calc.py:58  DEBUG For RNT632, rental end day is prior to rental start date, swap date.
2019-04-15 20:06:49,969 charges_calc.py:58  DEBUG For RNT633, rental end day is prior to rental start date, swap date.
2019-04-15 20:06:49,969 charges_calc.py:58  DEBUG For RNT634, rental end day is prior to rental start date, swap date.
2019-04-15 20:06:49,970 charges_calc.py:58  DEBUG For RNT636, rental end day is prior to rental start date, swap date.
2019-04-15 20:06:49,970 charges_calc.py:58  DEBUG For RNT638, rental end day is prior to rental start date, swap date.
2019-04-15 20:06:49,971 charges_calc.py:58  DEBUG For RNT639, rental end day is prior to rental start date, swap date.
2019-04-15 20:06:49,971 charges_calc.py:58  DEBUG For RNT640, rental end day is prior to rental start date, swap date.
2019-04-15 20:06:49,972 charges_calc.py:58  DEBUG For RNT642, rental end day is prior to rental start date, swap date.
2019-04-15 20:06:49,973 charges_calc.py:58  DEBUG For RNT643, rental end day is prior to rental start date, swap date.
2019-04-15 20:06:49,974 charges_calc.py:58  DEBUG For RNT647, rental end day is prior to rental start date, swap date.
2019-04-15 20:06:49,974 charges_calc.py:58  DEBUG For RNT648, rental end day is prior to rental start date, swap date.
2019-04-15 20:06:49,975 charges_calc.py:58  DEBUG For RNT649, rental end day is prior to rental start date, swap date.
2019-04-15 20:06:49,975 charges_calc.py:58  DEBUG For RNT651, rental end day is prior to rental start date, swap date.
2019-04-15 20:06:49,976 charges_calc.py:58  DEBUG For RNT653, rental end day is prior to rental start date, swap date.
2019-04-15 20:06:49,977 charges_calc.py:58  DEBUG For RNT656, rental end day is prior to rental start date, swap date.
2019-04-15 20:06:49,977 charges_calc.py:58  DEBUG For RNT659, rental end day is prior to rental start date, swap date.
2019-04-15 20:06:49,979 charges_calc.py:58  DEBUG For RNT662, rental end day is prior to rental start date, swap date.
2019-04-15 20:06:49,980 charges_calc.py:58  DEBUG For RNT663, rental end day is prior to rental start date, swap date.
2019-04-15 20:06:49,981 charges_calc.py:58  DEBUG For RNT664, rental end day is prior to rental start date, swap date.
2019-04-15 20:06:49,981 charges_calc.py:58  DEBUG For RNT665, rental end day is prior to rental start date, swap date.
2019-04-15 20:06:49,983 charges_calc.py:58  DEBUG For RNT667, rental end day is prior to rental start date, swap date.
2019-04-15 20:06:49,983 charges_calc.py:58  DEBUG For RNT668, rental end day is prior to rental start date, swap date.
2019-04-15 20:06:49,984 charges_calc.py:58  DEBUG For RNT670, rental end day is prior to rental start date, swap date.
2019-04-15 20:06:49,985 charges_calc.py:58  DEBUG For RNT671, rental end day is prior to rental start date, swap date.
2019-04-15 20:06:49,985 charges_calc.py:58  DEBUG For RNT674, rental end day is prior to rental start date, swap date.
2019-04-15 20:06:49,986 charges_calc.py:58  DEBUG For RNT677, rental end day is prior to rental start date, swap date.
2019-04-15 20:06:49,987 charges_calc.py:58  DEBUG For RNT678, rental end day is prior to rental start date, swap date.
2019-04-15 20:06:49,987 charges_calc.py:58  DEBUG For RNT679, rental end day is prior to rental start date, swap date.
2019-04-15 20:06:49,988 charges_calc.py:58  DEBUG For RNT682, rental end day is prior to rental start date, swap date.
2019-04-15 20:06:49,988 charges_calc.py:58  DEBUG For RNT684, rental end day is prior to rental start date, swap date.
2019-04-15 20:06:49,989 charges_calc.py:58  DEBUG For RNT688, rental end day is prior to rental start date, swap date.
2019-04-15 20:06:49,990 charges_calc.py:58  DEBUG For RNT691, rental end day is prior to rental start date, swap date.
2019-04-15 20:06:49,991 charges_calc.py:58  DEBUG For RNT692, rental end day is prior to rental start date, swap date.
2019-04-15 20:06:49,991 charges_calc.py:58  DEBUG For RNT694, rental end day is prior to rental start date, swap date.
2019-04-15 20:06:49,992 charges_calc.py:58  DEBUG For RNT695, rental end day is prior to rental start date, swap date.
2019-04-15 20:06:49,993 charges_calc.py:58  DEBUG For RNT698, rental end day is prior to rental start date, swap date.
2019-04-15 20:06:49,994 charges_calc.py:58  DEBUG For RNT702, rental end day is prior to rental start date, swap date.
2019-04-15 20:06:49,995 charges_calc.py:58  DEBUG For RNT703, rental end day is prior to rental start date, swap date.
2019-04-15 20:06:49,995 charges_calc.py:58  DEBUG For RNT704, rental end day is prior to rental start date, swap date.
2019-04-15 20:06:49,996 charges_calc.py:58  DEBUG For RNT706, rental end day is prior to rental start date, swap date.
2019-04-15 20:06:49,997 charges_calc.py:58  DEBUG For RNT709, rental end day is prior to rental start date, swap date.
2019-04-15 20:06:49,997 charges_calc.py:58  DEBUG For RNT711, rental end day is prior to rental start date, swap date.
2019-04-15 20:06:49,998 charges_calc.py:58  DEBUG For RNT712, rental end day is prior to rental start date, swap date.
2019-04-15 20:06:49,999 charges_calc.py:58  DEBUG For RNT715, rental end day is prior to rental start date, swap date.
2019-04-15 20:06:49,999 charges_calc.py:58  DEBUG For RNT717, rental end day is prior to rental start date, swap date.
2019-04-15 20:06:50,000 charges_calc.py:58  DEBUG For RNT719, rental end day is prior to rental start date, swap date.
2019-04-15 20:06:50,001 charges_calc.py:58  DEBUG For RNT721, rental end day is prior to rental start date, swap date.
2019-04-15 20:06:50,002 charges_calc.py:58  DEBUG For RNT722, rental end day is prior to rental start date, swap date.
2019-04-15 20:06:50,003 charges_calc.py:58  DEBUG For RNT725, rental end day is prior to rental start date, swap date.
2019-04-15 20:06:50,004 charges_calc.py:58  DEBUG For RNT726, rental end day is prior to rental start date, swap date.
2019-04-15 20:06:50,005 charges_calc.py:58  DEBUG For RNT729, rental end day is prior to rental start date, swap date.
2019-04-15 20:06:50,005 charges_calc.py:58  DEBUG For RNT731, rental end day is prior to rental start date, swap date.
2019-04-15 20:06:50,006 charges_calc.py:58  DEBUG For RNT732, rental end day is prior to rental start date, swap date.
2019-04-15 20:06:50,006 charges_calc.py:58  DEBUG For RNT733, rental end day is prior to rental start date, swap date.
2019-04-15 20:06:50,008 charges_calc.py:58  DEBUG For RNT740, rental end day is prior to rental start date, swap date.
2019-04-15 20:06:50,009 charges_calc.py:58  DEBUG For RNT745, rental end day is prior to rental start date, swap date.
2019-04-15 20:06:50,009 charges_calc.py:58  DEBUG For RNT746, rental end day is prior to rental start date, swap date.
2019-04-15 20:06:50,010 charges_calc.py:58  DEBUG For RNT748, rental end day is prior to rental start date, swap date.
2019-04-15 20:06:50,010 charges_calc.py:58  DEBUG For RNT750, rental end day is prior to rental start date, swap date.
2019-04-15 20:06:50,011 charges_calc.py:58  DEBUG For RNT751, rental end day is prior to rental start date, swap date.
2019-04-15 20:06:50,011 charges_calc.py:58  DEBUG For RNT753, rental end day is prior to rental start date, swap date.
2019-04-15 20:06:50,012 charges_calc.py:58  DEBUG For RNT756, rental end day is prior to rental start date, swap date.
2019-04-15 20:06:50,013 charges_calc.py:58  DEBUG For RNT757, rental end day is prior to rental start date, swap date.
2019-04-15 20:06:50,013 charges_calc.py:58  DEBUG For RNT759, rental end day is prior to rental start date, swap date.
2019-04-15 20:06:50,015 charges_calc.py:58  DEBUG For RNT766, rental end day is prior to rental start date, swap date.
2019-04-15 20:06:50,016 charges_calc.py:58  DEBUG For RNT770, rental end day is prior to rental start date, swap date.
2019-04-15 20:06:50,016 charges_calc.py:58  DEBUG For RNT772, rental end day is prior to rental start date, swap date.
2019-04-15 20:06:50,017 charges_calc.py:58  DEBUG For RNT773, rental end day is prior to rental start date, swap date.
2019-04-15 20:06:50,018 charges_calc.py:58  DEBUG For RNT774, rental end day is prior to rental start date, swap date.
2019-04-15 20:06:50,019 charges_calc.py:66  WARNING For RNT776, .
The program exited via sys.exit(). Exit status: 0
> /Users/elaine/PycharmProjects/Giraffe/Python_220/py220-online-201904-V2/students/elaine_x/lesson02/assignment/src/charges_calc.py(3)<module>()
-> '''
(Pdb) Traceback (most recent call last):
  File "/Library/Frameworks/Python.framework/Versions/3.7/lib/python3.7/pdb.py", line 1697, in main
    pdb._runscript(mainpyfile)
  File "/Library/Frameworks/Python.framework/Versions/3.7/lib/python3.7/pdb.py", line 1566, in _runscript
    self.run(statement)
  File "/Library/Frameworks/Python.framework/Versions/3.7/lib/python3.7/bdb.py", line 585, in run
    exec(cmd, globals, locals)
  File "<string>", line 1, in <module>
  File "/Users/elaine/PycharmProjects/Giraffe/Python_220/py220-online-201904-V2/students/elaine_x/lesson02/assignment/src/charges_calc.py", line 3, in <module>
    '''
  File "/Users/elaine/PycharmProjects/Giraffe/Python_220/py220-online-201904-V2/students/elaine_x/lesson02/assignment/src/charges_calc.py", line 3, in <module>
    '''
  File "/Library/Frameworks/Python.framework/Versions/3.7/lib/python3.7/bdb.py", line 88, in trace_dispatch
    return self.dispatch_line(frame)
  File "/Library/Frameworks/Python.framework/Versions/3.7/lib/python3.7/bdb.py", line 112, in dispatch_line
    self.user_line(frame)
  File "/Library/Frameworks/Python.framework/Versions/3.7/lib/python3.7/pdb.py", line 261, in user_line
    self.interaction(frame, None)
  File "/Library/Frameworks/Python.framework/Versions/3.7/lib/python3.7/pdb.py", line 352, in interaction
    self._cmdloop()
  File "/Library/Frameworks/Python.framework/Versions/3.7/lib/python3.7/pdb.py", line 321, in _cmdloop
    self.cmdloop()
  File "/Library/Frameworks/Python.framework/Versions/3.7/lib/python3.7/cmd.py", line 126, in cmdloop
    line = input(self.prompt)
ValueError: I/O operation on closed file.
Uncaught exception. Entering post mortem debugging
Running 'cont' or 'step' will restart the program
> /Library/Frameworks/Python.framework/Versions/3.7/lib/python3.7/cmd.py(126)cmdloop()
-> line = input(self.prompt)
(Pdb) Traceback (most recent call last):
  File "/Library/Frameworks/Python.framework/Versions/3.7/lib/python3.7/pdb.py", line 1697, in main
    pdb._runscript(mainpyfile)
  File "/Library/Frameworks/Python.framework/Versions/3.7/lib/python3.7/pdb.py", line 1566, in _runscript
    self.run(statement)
  File "/Library/Frameworks/Python.framework/Versions/3.7/lib/python3.7/bdb.py", line 585, in run
    exec(cmd, globals, locals)
  File "<string>", line 1, in <module>
  File "/Users/elaine/PycharmProjects/Giraffe/Python_220/py220-online-201904-V2/students/elaine_x/lesson02/assignment/src/charges_calc.py", line 3, in <module>
    '''
  File "/Users/elaine/PycharmProjects/Giraffe/Python_220/py220-online-201904-V2/students/elaine_x/lesson02/assignment/src/charges_calc.py", line 3, in <module>
    '''
  File "/Library/Frameworks/Python.framework/Versions/3.7/lib/python3.7/bdb.py", line 88, in trace_dispatch
    return self.dispatch_line(frame)
  File "/Library/Frameworks/Python.framework/Versions/3.7/lib/python3.7/bdb.py", line 112, in dispatch_line
    self.user_line(frame)
  File "/Library/Frameworks/Python.framework/Versions/3.7/lib/python3.7/pdb.py", line 261, in user_line
    self.interaction(frame, None)
  File "/Library/Frameworks/Python.framework/Versions/3.7/lib/python3.7/pdb.py", line 352, in interaction
    self._cmdloop()
  File "/Library/Frameworks/Python.framework/Versions/3.7/lib/python3.7/pdb.py", line 321, in _cmdloop
    self.cmdloop()
  File "/Library/Frameworks/Python.framework/Versions/3.7/lib/python3.7/cmd.py", line 126, in cmdloop
    line = input(self.prompt)
ValueError: I/O operation on closed file.

During handling of the above exception, another exception occurred:

Traceback (most recent call last):
  File "/Library/Frameworks/Python.framework/Versions/3.7/lib/python3.7/runpy.py", line 193, in _run_module_as_main
    "__main__", mod_spec)
  File "/Library/Frameworks/Python.framework/Versions/3.7/lib/python3.7/runpy.py", line 85, in _run_code
    exec(code, run_globals)
  File "/Library/Frameworks/Python.framework/Versions/3.7/lib/python3.7/pdb.py", line 1724, in <module>
    pdb.main()
  File "/Library/Frameworks/Python.framework/Versions/3.7/lib/python3.7/pdb.py", line 1716, in main
    pdb.interaction(None, t)
  File "/Library/Frameworks/Python.framework/Versions/3.7/lib/python3.7/pdb.py", line 352, in interaction
    self._cmdloop()
  File "/Library/Frameworks/Python.framework/Versions/3.7/lib/python3.7/pdb.py", line 321, in _cmdloop
    self.cmdloop()
  File "/Library/Frameworks/Python.framework/Versions/3.7/lib/python3.7/cmd.py", line 126, in cmdloop
    line = input(self.prompt)
ValueError: I/O operation on closed file.


############################################################
#RNT776 is missing rental_end, modify code to skip entry.
############################################################

#######################################################################################################
#######################################################################################################
#4th try

elaines-MacBook-Air:src elaine$ python3 -m pdb charges_calc.py -i source.json -o output.json -d 1
> /Users/elaine/PycharmProjects/Giraffe/Python_220/py220-online-201904-V2/students/elaine_x/lesson02/assignment/src/charges_calc.py(3)<module>()
-> '''
(Pdb) b 81
Breakpoint 1 at /Users/elaine/PycharmProjects/Giraffe/Python_220/py220-online-201904-V2/students/elaine_x/lesson02/assignment/src/charges_calc.py:81
(Pdb) c
2019-04-15 20:13:19,131 charges_calc.py:57  DEBUG For RNT001, rental end day is prior to rental start date, swap date.
......removed duplicated debug info
2019-04-15 20:13:19,419 charges_calc.py:57  DEBUG For RNT773, rental end day is prior to rental start date, swap date.
2019-04-15 20:13:19,419 charges_calc.py:57  DEBUG For RNT774, rental end day is prior to rental start date, swap date.
2019-04-15 20:13:19,420 charges_calc.py:52  WARNING For RNT776, rental end/start day is missing, skip entry.
2019-04-15 20:13:19,423 charges_calc.py:57  DEBUG For RNT778, rental end day is prior to rental start date, swap date.
2019-04-15 20:13:19,424 charges_calc.py:57  DEBUG For RNT779, rental end day is prior to rental start date, swap date.
2019-04-15 20:13:19,424 charges_calc.py:57  DEBUG For RNT782, rental end day is prior to rental start date, swap date.
2019-04-15 20:13:19,425 charges_calc.py:57  DEBUG For RNT783, rental end day is prior to rental start date, swap date.
2019-04-15 20:13:19,426 charges_calc.py:57  DEBUG For RNT790, rental end day is prior to rental start date, swap date.
2019-04-15 20:13:19,427 charges_calc.py:57  DEBUG For RNT791, rental end day is prior to rental start date, swap date.
2019-04-15 20:13:19,428 charges_calc.py:57  DEBUG For RNT794, rental end day is prior to rental start date, swap date.
2019-04-15 20:13:19,428 charges_calc.py:57  DEBUG For RNT795, rental end day is prior to rental start date, swap date.
2019-04-15 20:13:19,429 charges_calc.py:57  DEBUG For RNT796, rental end day is prior to rental start date, swap date.
2019-04-15 20:13:19,430 charges_calc.py:57  DEBUG For RNT803, rental end day is prior to rental start date, swap date.
2019-04-15 20:13:19,431 charges_calc.py:57  DEBUG For RNT807, rental end day is prior to rental start date, swap date.
2019-04-15 20:13:19,431 charges_calc.py:57  DEBUG For RNT808, rental end day is prior to rental start date, swap date.
2019-04-15 20:13:19,432 charges_calc.py:57  DEBUG For RNT809, rental end day is prior to rental start date, swap date.
2019-04-15 20:13:19,433 charges_calc.py:57  DEBUG For RNT812, rental end day is prior to rental start date, swap date.
2019-04-15 20:13:19,434 charges_calc.py:57  DEBUG For RNT814, rental end day is prior to rental start date, swap date.
2019-04-15 20:13:19,434 charges_calc.py:57  DEBUG For RNT815, rental end day is prior to rental start date, swap date.
2019-04-15 20:13:19,435 charges_calc.py:57  DEBUG For RNT816, rental end day is prior to rental start date, swap date.
2019-04-15 20:13:19,435 charges_calc.py:57  DEBUG For RNT817, rental end day is prior to rental start date, swap date.
2019-04-15 20:13:19,436 charges_calc.py:57  DEBUG For RNT818, rental end day is prior to rental start date, swap date.
2019-04-15 20:13:19,437 charges_calc.py:57  DEBUG For RNT819, rental end day is prior to rental start date, swap date.
2019-04-15 20:13:19,438 charges_calc.py:57  DEBUG For RNT820, rental end day is prior to rental start date, swap date.
2019-04-15 20:13:19,439 charges_calc.py:57  DEBUG For RNT822, rental end day is prior to rental start date, swap date.
2019-04-15 20:13:19,440 charges_calc.py:57  DEBUG For RNT825, rental end day is prior to rental start date, swap date.
2019-04-15 20:13:19,441 charges_calc.py:57  DEBUG For RNT831, rental end day is prior to rental start date, swap date.
2019-04-15 20:13:19,442 charges_calc.py:57  DEBUG For RNT835, rental end day is prior to rental start date, swap date.
2019-04-15 20:13:19,443 charges_calc.py:57  DEBUG For RNT836, rental end day is prior to rental start date, swap date.
2019-04-15 20:13:19,444 charges_calc.py:57  DEBUG For RNT839, rental end day is prior to rental start date, swap date.
2019-04-15 20:13:19,444 charges_calc.py:57  DEBUG For RNT840, rental end day is prior to rental start date, swap date.
2019-04-15 20:13:19,445 charges_calc.py:57  DEBUG For RNT842, rental end day is prior to rental start date, swap date.
2019-04-15 20:13:19,446 charges_calc.py:57  DEBUG For RNT843, rental end day is prior to rental start date, swap date.
2019-04-15 20:13:19,446 charges_calc.py:68  WARNING For RNT843, .
The program exited via sys.exit(). Exit status: 0
> /Users/elaine/PycharmProjects/Giraffe/Python_220/py220-online-201904-V2/students/elaine_x/lesson02/assignment/src/charges_calc.py(3)<module>()
-> '''
(Pdb) Traceback (most recent call last):
  File "/Library/Frameworks/Python.framework/Versions/3.7/lib/python3.7/pdb.py", line 1697, in main
    pdb._runscript(mainpyfile)
  File "/Library/Frameworks/Python.framework/Versions/3.7/lib/python3.7/pdb.py", line 1566, in _runscript
    self.run(statement)
  File "/Library/Frameworks/Python.framework/Versions/3.7/lib/python3.7/bdb.py", line 585, in run
    exec(cmd, globals, locals)
  File "<string>", line 1, in <module>
  File "/Users/elaine/PycharmProjects/Giraffe/Python_220/py220-online-201904-V2/students/elaine_x/lesson02/assignment/src/charges_calc.py", line 3, in <module>
    '''
  File "/Users/elaine/PycharmProjects/Giraffe/Python_220/py220-online-201904-V2/students/elaine_x/lesson02/assignment/src/charges_calc.py", line 3, in <module>
    '''
  File "/Library/Frameworks/Python.framework/Versions/3.7/lib/python3.7/bdb.py", line 88, in trace_dispatch
    return self.dispatch_line(frame)
  File "/Library/Frameworks/Python.framework/Versions/3.7/lib/python3.7/bdb.py", line 112, in dispatch_line
    self.user_line(frame)
  File "/Library/Frameworks/Python.framework/Versions/3.7/lib/python3.7/pdb.py", line 261, in user_line
    self.interaction(frame, None)
  File "/Library/Frameworks/Python.framework/Versions/3.7/lib/python3.7/pdb.py", line 352, in interaction
    self._cmdloop()
  File "/Library/Frameworks/Python.framework/Versions/3.7/lib/python3.7/pdb.py", line 321, in _cmdloop
    self.cmdloop()
  File "/Library/Frameworks/Python.framework/Versions/3.7/lib/python3.7/cmd.py", line 126, in cmdloop
    line = input(self.prompt)
ValueError: I/O operation on closed file.
Uncaught exception. Entering post mortem debugging
Running 'cont' or 'step' will restart the program
> /Library/Frameworks/Python.framework/Versions/3.7/lib/python3.7/cmd.py(126)cmdloop()
-> line = input(self.prompt)
(Pdb) Traceback (most recent call last):
  File "/Library/Frameworks/Python.framework/Versions/3.7/lib/python3.7/pdb.py", line 1697, in main
    pdb._runscript(mainpyfile)
  File "/Library/Frameworks/Python.framework/Versions/3.7/lib/python3.7/pdb.py", line 1566, in _runscript
    self.run(statement)
  File "/Library/Frameworks/Python.framework/Versions/3.7/lib/python3.7/bdb.py", line 585, in run
    exec(cmd, globals, locals)
  File "<string>", line 1, in <module>
  File "/Users/elaine/PycharmProjects/Giraffe/Python_220/py220-online-201904-V2/students/elaine_x/lesson02/assignment/src/charges_calc.py", line 3, in <module>
    '''
  File "/Users/elaine/PycharmProjects/Giraffe/Python_220/py220-online-201904-V2/students/elaine_x/lesson02/assignment/src/charges_calc.py", line 3, in <module>
    '''
  File "/Library/Frameworks/Python.framework/Versions/3.7/lib/python3.7/bdb.py", line 88, in trace_dispatch
    return self.dispatch_line(frame)
  File "/Library/Frameworks/Python.framework/Versions/3.7/lib/python3.7/bdb.py", line 112, in dispatch_line
    self.user_line(frame)
  File "/Library/Frameworks/Python.framework/Versions/3.7/lib/python3.7/pdb.py", line 261, in user_line
    self.interaction(frame, None)
  File "/Library/Frameworks/Python.framework/Versions/3.7/lib/python3.7/pdb.py", line 352, in interaction
    self._cmdloop()
  File "/Library/Frameworks/Python.framework/Versions/3.7/lib/python3.7/pdb.py", line 321, in _cmdloop
    self.cmdloop()
  File "/Library/Frameworks/Python.framework/Versions/3.7/lib/python3.7/cmd.py", line 126, in cmdloop
    line = input(self.prompt)
ValueError: I/O operation on closed file.

During handling of the above exception, another exception occurred:

Traceback (most recent call last):
  File "/Library/Frameworks/Python.framework/Versions/3.7/lib/python3.7/runpy.py", line 193, in _run_module_as_main
    "__main__", mod_spec)
  File "/Library/Frameworks/Python.framework/Versions/3.7/lib/python3.7/runpy.py", line 85, in _run_code
    exec(code, run_globals)
  File "/Library/Frameworks/Python.framework/Versions/3.7/lib/python3.7/pdb.py", line 1724, in <module>
    pdb.main()
  File "/Library/Frameworks/Python.framework/Versions/3.7/lib/python3.7/pdb.py", line 1716, in main
    pdb.interaction(None, t)
  File "/Library/Frameworks/Python.framework/Versions/3.7/lib/python3.7/pdb.py", line 352, in interaction
    self._cmdloop()
  File "/Library/Frameworks/Python.framework/Versions/3.7/lib/python3.7/pdb.py", line 321, in _cmdloop
    self.cmdloop()
  File "/Library/Frameworks/Python.framework/Versions/3.7/lib/python3.7/cmd.py", line 126, in cmdloop
    line = input(self.prompt)
ValueError: I/O operation on closed file.

############################################################
#RNT843 has 0 units_rented, modify code to skip entry.
############################################################







